{
    "Nt": {
        "dtype": "uint64",
        "attrs": {
            "data_type": "b'long'",
            "domain_type": "b'real'"
        },
        "shape": [
            1,
            1,
            1
        ],
        "checksums": {
            "6": "a891ce9f62015fd29a9a877949e64711e7ef57623a5ee8dee51ec4ab984f45a5",
            "8": "a891ce9f62015fd29a9a877949e64711e7ef57623a5ee8dee51ec4ab984f45a5",
            "10": "a891ce9f62015fd29a9a877949e64711e7ef57623a5ee8dee51ec4ab984f45a5",
            "12": "a891ce9f62015fd29a9a877949e64711e7ef57623a5ee8dee51ec4ab984f45a5",
            "14": "a891ce9f62015fd29a9a877949e64711e7ef57623a5ee8dee51ec4ab984f45a5",
            "16": "a891ce9f62015fd29a9a877949e64711e7ef57623a5ee8dee51ec4ab984f45a5"
        }
    },
    "Nx": {
        "dtype": "uint64",
        "attrs": {
            "data_type": "b'long'",
            "domain_type": "b'real'"
        },
        "shape": [
            1,
            1,
            1
        ],
        "checksums": {
            "6": "a06f129fc52abf6085679d7cd71dc41ec7580c7f5f73efef6d02dde22bb00994",
            "8": "a06f129fc52abf6085679d7cd71dc41ec7580c7f5f73efef6d02dde22bb00994",
            "10": "a06f129fc52abf6085679d7cd71dc41ec7580c7f5f73efef6d02dde22bb00994",
            "12": "a06f129fc52abf6085679d7cd71dc41ec7580c7f5f73efef6d02dde22bb00994",
            "14": "a06f129fc52abf6085679d7cd71dc41ec7580c7f5f73efef6d02dde22bb00994",
            "16": "a06f129fc52abf6085679d7cd71dc41ec7580c7f5f73efef6d02dde22bb00994"
        }
    },
    "Ny": {
        "dtype": "uint64",
        "attrs": {
            "data_type": "b'long'",
            "domain_type": "b'real'"
        },
        "shape": [
            1,
            1,
            1
        ],
        "checksums": {
            "6": "b1b0bee5378188f5250138bcce25855f2617f9c55b20b9628e13d367c47404a9",
            "8": "b1b0bee5378188f5250138bcce25855f2617f9c55b20b9628e13d367c47404a9",
            "10": "b1b0bee5378188f5250138bcce25855f2617f9c55b20b9628e13d367c47404a9",
            "12": "b1b0bee5378188f5250138bcce25855f2617f9c55b20b9628e13d367c47404a9",
            "14": "b1b0bee5378188f5250138bcce25855f2617f9c55b20b9628e13d367c47404a9",
            "16": "b1b0bee5378188f5250138bcce25855f2617f9c55b20b9628e13d367c47404a9"
        }
    },
    "Nz": {
        "dtype": "uint64",
        "attrs": {
            "data_type": "b'long'",
            "domain_type": "b'real'"
        },
        "shape": [
            1,
            1,
            1
        ],
        "checksums": {
            "6": "7c9fa136d4413fa6173637e883b6998d32e1d675f88cddff9dcbcf331820f4b8",
            "8": "7c9fa136d4413fa6173637e883b6998d32e1d675f88cddff9dcbcf331820f4b8",
            "10": "7c9fa136d4413fa6173637e883b6998d32e1d675f88cddff9dcbcf331820f4b8",
            "12": "7c9fa136d4413fa6173637e883b6998d32e1d675f88cddff9dcbcf331820f4b8",
            "14": "7c9fa136d4413fa6173637e883b6998d32e1d675f88cddff9dcbcf331820f4b8",
            "16": "7c9fa136d4413fa6173637e883b6998d32e1d675f88cddff9dcbcf331820f4b8"
        }
    },
    "absorbing_flag": {
        "dtype": "uint64",
        "attrs": {
            "data_type": "b'long'",
            "domain_type": "b'real'"
        },
        "shape": [
            1,
            1,
            1
        ],
        "checksums": {
            "6": "7c9fa136d4413fa6173637e883b6998d32e1d675f88cddff9dcbcf331820f4b8",
            "8": "7c9fa136d4413fa6173637e883b6998d32e1d675f88cddff9dcbcf331820f4b8",
            "10": "7c9fa136d4413fa6173637e883b6998d32e1d675f88cddff9dcbcf331820f4b8",
            "12": "7c9fa136d4413fa6173637e883b6998d32e1d675f88cddff9dcbcf331820f4b8",
            "14": "7c9fa136d4413fa6173637e883b6998d32e1d675f88cddff9dcbcf331820f4b8",
            "16": "7c9fa136d4413fa6173637e883b6998d32e1d675f88cddff9dcbcf331820f4b8"
        }
    },
    "alpha_coeff": {
        "dtype": "float32",
        "attrs": {
            "data_type": "b'float'",
            "domain_type": "b'real'"
        },
        "shape": [
            1,
            1,
            1
        ],
        "checksums": {
            "6": "9a8208635e00348ab64aac2b759e76391fd47089e9a749bbcec770d9eb5c6421",
            "8": "9a8208635e00348ab64aac2b759e76391fd47089e9a749bbcec770d9eb5c6421",
            "10": "9a8208635e00348ab64aac2b759e76391fd47089e9a749bbcec770d9eb5c6421",
            "12": "9a8208635e00348ab64aac2b759e76391fd47089e9a749bbcec770d9eb5c6421",
            "14": "9a8208635e00348ab64aac2b759e76391fd47089e9a749bbcec770d9eb5c6421",
            "16": "9a8208635e00348ab64aac2b759e76391fd47089e9a749bbcec770d9eb5c6421"
        }
    },
    "alpha_power": {
        "dtype": "float32",
        "attrs": {
            "data_type": "b'float'",
            "domain_type": "b'real'"
        },
        "shape": [
            1,
            1,
            1
        ],
        "checksums": {
            "6": "c0e336a5f371ef22cd534e094269f2c1a9635cd080b71ffa671086832d3b60b7",
            "8": "c0e336a5f371ef22cd534e094269f2c1a9635cd080b71ffa671086832d3b60b7",
            "10": "c0e336a5f371ef22cd534e094269f2c1a9635cd080b71ffa671086832d3b60b7",
            "12": "c0e336a5f371ef22cd534e094269f2c1a9635cd080b71ffa671086832d3b60b7",
            "14": "c0e336a5f371ef22cd534e094269f2c1a9635cd080b71ffa671086832d3b60b7",
            "16": "c0e336a5f371ef22cd534e094269f2c1a9635cd080b71ffa671086832d3b60b7"
        }
    },
    "axisymmetric_flag": {
        "dtype": "uint64",
        "attrs": {
            "data_type": "b'long'",
            "domain_type": "b'real'"
        },
        "shape": [
            1,
            1,
            1
        ],
        "checksums": {
            "6": "af5570f5a1810b7af78caf4bc70a660f0df51e42baf91d4de5b2328de0e83dfc",
            "8": "af5570f5a1810b7af78caf4bc70a660f0df51e42baf91d4de5b2328de0e83dfc",
            "10": "af5570f5a1810b7af78caf4bc70a660f0df51e42baf91d4de5b2328de0e83dfc",
            "12": "af5570f5a1810b7af78caf4bc70a660f0df51e42baf91d4de5b2328de0e83dfc",
            "14": "af5570f5a1810b7af78caf4bc70a660f0df51e42baf91d4de5b2328de0e83dfc",
            "16": "af5570f5a1810b7af78caf4bc70a660f0df51e42baf91d4de5b2328de0e83dfc"
        }
    },
    "c0": {
        "dtype": "float32",
        "attrs": {
            "data_type": "b'float'",
            "domain_type": "b'real'"
        },
        "shape": [
            1,
            1,
            1
        ],
        "checksums": {
            "6": "82543c9304862fece0caaf1760bf4c0176b6e8c5310f862b8d7c56fcc1b2cab8",
            "8": "3c3f1f93d288386e758f1409f1dbb32a8fb39b5e0399de95ced63260ab5e3bd5",
            "10": "82543c9304862fece0caaf1760bf4c0176b6e8c5310f862b8d7c56fcc1b2cab8",
            "12": "82543c9304862fece0caaf1760bf4c0176b6e8c5310f862b8d7c56fcc1b2cab8",
            "14": "82543c9304862fece0caaf1760bf4c0176b6e8c5310f862b8d7c56fcc1b2cab8",
            "16": "82543c9304862fece0caaf1760bf4c0176b6e8c5310f862b8d7c56fcc1b2cab8"
        }
    },
    "c_ref": {
        "dtype": "float32",
        "attrs": {
            "data_type": "b'float'",
            "domain_type": "b'real'"
        },
        "shape": [
            1,
            1,
            1
        ],
        "checksums": {
            "6": "82543c9304862fece0caaf1760bf4c0176b6e8c5310f862b8d7c56fcc1b2cab8",
            "8": "3c3f1f93d288386e758f1409f1dbb32a8fb39b5e0399de95ced63260ab5e3bd5",
            "10": "82543c9304862fece0caaf1760bf4c0176b6e8c5310f862b8d7c56fcc1b2cab8",
            "12": "82543c9304862fece0caaf1760bf4c0176b6e8c5310f862b8d7c56fcc1b2cab8",
            "14": "82543c9304862fece0caaf1760bf4c0176b6e8c5310f862b8d7c56fcc1b2cab8",
            "16": "82543c9304862fece0caaf1760bf4c0176b6e8c5310f862b8d7c56fcc1b2cab8"
        }
    },
    "dt": {
        "dtype": "float32",
        "attrs": {
            "data_type": "b'float'",
            "domain_type": "b'real'"
        },
        "shape": [
            1,
            1,
            1
        ],
        "checksums": {
            "6": "df3f619804a92fdb4057192dc43dd748ea778adc52bc498ce80524c014b81119",
            "8": "1a4f6327c023ad6beaa8e6f98b0ca262242b99a341d025c4737b286ba03d821a",
            "10": "1a4f6327c023ad6beaa8e6f98b0ca262242b99a341d025c4737b286ba03d821a",
            "12": "1a4f6327c023ad6beaa8e6f98b0ca262242b99a341d025c4737b286ba03d821a",
            "14": "1a4f6327c023ad6beaa8e6f98b0ca262242b99a341d025c4737b286ba03d821a",
            "16": "1a4f6327c023ad6beaa8e6f98b0ca262242b99a341d025c4737b286ba03d821a"
        }
    },
    "dx": {
        "dtype": "float32",
        "attrs": {
            "data_type": "b'float'",
            "domain_type": "b'real'"
        },
        "shape": [
            1,
            1,
            1
        ],
        "checksums": {
            "6": "6377fbe698eab9b1df6a519f10c99713bcc8b741eef80a1e99d9c6d60c8f04f6",
            "8": "fa6d03929d1d6add29a2bb0605660c607884e32bf06c22dc42f5aaa47b0cce91",
            "10": "fa6d03929d1d6add29a2bb0605660c607884e32bf06c22dc42f5aaa47b0cce91",
            "12": "fa6d03929d1d6add29a2bb0605660c607884e32bf06c22dc42f5aaa47b0cce91",
            "14": "fa6d03929d1d6add29a2bb0605660c607884e32bf06c22dc42f5aaa47b0cce91",
            "16": "fa6d03929d1d6add29a2bb0605660c607884e32bf06c22dc42f5aaa47b0cce91"
        }
    },
    "dy": {
        "dtype": "float32",
        "attrs": {
            "data_type": "b'float'",
            "domain_type": "b'real'"
        },
        "shape": [
            1,
            1,
            1
        ],
        "checksums": {
            "6": "6377fbe698eab9b1df6a519f10c99713bcc8b741eef80a1e99d9c6d60c8f04f6",
            "8": "fa6d03929d1d6add29a2bb0605660c607884e32bf06c22dc42f5aaa47b0cce91",
            "10": "fa6d03929d1d6add29a2bb0605660c607884e32bf06c22dc42f5aaa47b0cce91",
            "12": "fa6d03929d1d6add29a2bb0605660c607884e32bf06c22dc42f5aaa47b0cce91",
            "14": "fa6d03929d1d6add29a2bb0605660c607884e32bf06c22dc42f5aaa47b0cce91",
            "16": "fa6d03929d1d6add29a2bb0605660c607884e32bf06c22dc42f5aaa47b0cce91"
        }
    },
    "elastic_flag": {
        "dtype": "uint64",
        "attrs": {
            "data_type": "b'long'",
            "domain_type": "b'real'"
        },
        "shape": [
            1,
            1,
            1
        ],
        "checksums": {
            "6": "af5570f5a1810b7af78caf4bc70a660f0df51e42baf91d4de5b2328de0e83dfc",
            "8": "af5570f5a1810b7af78caf4bc70a660f0df51e42baf91d4de5b2328de0e83dfc",
            "10": "af5570f5a1810b7af78caf4bc70a660f0df51e42baf91d4de5b2328de0e83dfc",
            "12": "af5570f5a1810b7af78caf4bc70a660f0df51e42baf91d4de5b2328de0e83dfc",
            "14": "af5570f5a1810b7af78caf4bc70a660f0df51e42baf91d4de5b2328de0e83dfc",
            "16": "af5570f5a1810b7af78caf4bc70a660f0df51e42baf91d4de5b2328de0e83dfc"
        }
    },
    "nonlinear_flag": {
        "dtype": "uint64",
        "attrs": {
            "data_type": "b'long'",
            "domain_type": "b'real'"
        },
        "shape": [
            1,
            1,
            1
        ],
        "checksums": {
            "6": "af5570f5a1810b7af78caf4bc70a660f0df51e42baf91d4de5b2328de0e83dfc",
            "8": "af5570f5a1810b7af78caf4bc70a660f0df51e42baf91d4de5b2328de0e83dfc",
            "10": "af5570f5a1810b7af78caf4bc70a660f0df51e42baf91d4de5b2328de0e83dfc",
            "12": "af5570f5a1810b7af78caf4bc70a660f0df51e42baf91d4de5b2328de0e83dfc",
            "14": "af5570f5a1810b7af78caf4bc70a660f0df51e42baf91d4de5b2328de0e83dfc",
            "16": "af5570f5a1810b7af78caf4bc70a660f0df51e42baf91d4de5b2328de0e83dfc"
        }
    },
    "nonuniform_grid_flag": {
        "dtype": "uint64",
        "attrs": {
            "data_type": "b'long'",
            "domain_type": "b'real'"
        },
        "shape": [
            1,
            1,
            1
        ],
        "checksums": {
            "6": "af5570f5a1810b7af78caf4bc70a660f0df51e42baf91d4de5b2328de0e83dfc",
            "8": "af5570f5a1810b7af78caf4bc70a660f0df51e42baf91d4de5b2328de0e83dfc",
            "10": "af5570f5a1810b7af78caf4bc70a660f0df51e42baf91d4de5b2328de0e83dfc",
            "12": "af5570f5a1810b7af78caf4bc70a660f0df51e42baf91d4de5b2328de0e83dfc",
            "14": "af5570f5a1810b7af78caf4bc70a660f0df51e42baf91d4de5b2328de0e83dfc",
            "16": "af5570f5a1810b7af78caf4bc70a660f0df51e42baf91d4de5b2328de0e83dfc"
        }
    },
    "p0_source_flag": {
        "dtype": "uint64",
        "attrs": {
            "data_type": "b'long'",
            "domain_type": "b'real'"
        },
        "shape": [
            1,
            1,
            1
        ],
        "checksums": {
            "6": "af5570f5a1810b7af78caf4bc70a660f0df51e42baf91d4de5b2328de0e83dfc",
            "8": "af5570f5a1810b7af78caf4bc70a660f0df51e42baf91d4de5b2328de0e83dfc",
            "10": "af5570f5a1810b7af78caf4bc70a660f0df51e42baf91d4de5b2328de0e83dfc",
            "12": "af5570f5a1810b7af78caf4bc70a660f0df51e42baf91d4de5b2328de0e83dfc",
            "14": "af5570f5a1810b7af78caf4bc70a660f0df51e42baf91d4de5b2328de0e83dfc",
            "16": "af5570f5a1810b7af78caf4bc70a660f0df51e42baf91d4de5b2328de0e83dfc"
        }
    },
    "p_source_flag": {
        "dtype": "uint64",
        "attrs": {
            "data_type": "b'long'",
            "domain_type": "b'real'"
        },
        "shape": [
            1,
            1,
            1
        ],
        "checksums": {
            "6": "a891ce9f62015fd29a9a877949e64711e7ef57623a5ee8dee51ec4ab984f45a5",
            "8": "a891ce9f62015fd29a9a877949e64711e7ef57623a5ee8dee51ec4ab984f45a5",
            "10": "a891ce9f62015fd29a9a877949e64711e7ef57623a5ee8dee51ec4ab984f45a5",
            "12": "a891ce9f62015fd29a9a877949e64711e7ef57623a5ee8dee51ec4ab984f45a5",
            "14": "a891ce9f62015fd29a9a877949e64711e7ef57623a5ee8dee51ec4ab984f45a5",
            "16": "a891ce9f62015fd29a9a877949e64711e7ef57623a5ee8dee51ec4ab984f45a5"
        }
    },
    "p_source_index": {
        "dtype": "uint64",
        "attrs": {
            "data_type": "b'long'",
            "domain_type": "b'real'"
        },
        "shape": [
            1,
            1,
            88
        ],
        "checksums": {
            "6": "06c8482e73d6aebccac5232d0cb9c4fc83f0ef9ed370dab392e84e008a9ba207",
            "8": "06c8482e73d6aebccac5232d0cb9c4fc83f0ef9ed370dab392e84e008a9ba207",
            "10": "06c8482e73d6aebccac5232d0cb9c4fc83f0ef9ed370dab392e84e008a9ba207",
            "12": "06c8482e73d6aebccac5232d0cb9c4fc83f0ef9ed370dab392e84e008a9ba207",
            "14": "06c8482e73d6aebccac5232d0cb9c4fc83f0ef9ed370dab392e84e008a9ba207",
            "16": "06c8482e73d6aebccac5232d0cb9c4fc83f0ef9ed370dab392e84e008a9ba207"
        }
    },
    "p_source_input": {
        "dtype": "float32",
        "attrs": {
            "data_type": "b'float'",
            "domain_type": "b'real'"
        },
        "shape": [
            1,
            4500,
            88
        ],
        "checksums": {
            "6": "2ad75f20b70c429ef78ee44fb6a6fa78390980ab446f33210ec2bac705396322",
            "8": "5473b03669a0753891af8fbc4140215545bb0f04849425915d9abd8f110dca0b",
            "10": "de13b1ad1e0e4946e8085bdff8863235ed8de398bfe561b9356c5fe1a0ce65ce",
            "12": "7ea005d779a963326803d672ade23862aac90dd78c1f4e65ef3908e7345e6961",
            "14": "b4323c2d1a7238bd41d5ec1dc3fe14fc414f6e48a56da74a606288c685e2b885",
            "16": "cd5d2a1fe25f303a9bf306b04e58e46275d3de9c850f509fdabbeac087b246f7"
        }
    },
    "p_source_many": {
        "dtype": "uint64",
        "attrs": {
            "data_type": "b'long'",
            "domain_type": "b'real'"
        },
        "shape": [
            1,
            1,
            1
        ],
        "checksums": {
            "6": "7c9fa136d4413fa6173637e883b6998d32e1d675f88cddff9dcbcf331820f4b8",
            "8": "7c9fa136d4413fa6173637e883b6998d32e1d675f88cddff9dcbcf331820f4b8",
            "10": "7c9fa136d4413fa6173637e883b6998d32e1d675f88cddff9dcbcf331820f4b8",
            "12": "7c9fa136d4413fa6173637e883b6998d32e1d675f88cddff9dcbcf331820f4b8",
            "14": "7c9fa136d4413fa6173637e883b6998d32e1d675f88cddff9dcbcf331820f4b8",
            "16": "7c9fa136d4413fa6173637e883b6998d32e1d675f88cddff9dcbcf331820f4b8"
        }
    },
    "p_source_mode": {
        "dtype": "uint64",
        "attrs": {
            "data_type": "b'long'",
            "domain_type": "b'real'"
        },
        "shape": [
            1,
            1,
            1
        ],
        "checksums": {
            "6": "d86e8112f3c4c4442126f8e9f44f16867da487f29052bf91b810457db34209a4",
            "8": "d86e8112f3c4c4442126f8e9f44f16867da487f29052bf91b810457db34209a4",
            "10": "d86e8112f3c4c4442126f8e9f44f16867da487f29052bf91b810457db34209a4",
            "12": "d86e8112f3c4c4442126f8e9f44f16867da487f29052bf91b810457db34209a4",
            "14": "d86e8112f3c4c4442126f8e9f44f16867da487f29052bf91b810457db34209a4",
            "16": "d86e8112f3c4c4442126f8e9f44f16867da487f29052bf91b810457db34209a4"
        }
    },
    "pml_x_alpha": {
        "dtype": "float32",
        "attrs": {
            "data_type": "b'float'",
            "domain_type": "b'real'"
        },
        "shape": [
            1,
            1,
            1
        ],
        "checksums": {
            "6": "d88c86f15bbea365d658ad95a81d45367c465f7af6f7264fb077f01747ddc77d",
            "8": "d88c86f15bbea365d658ad95a81d45367c465f7af6f7264fb077f01747ddc77d",
            "10": "d88c86f15bbea365d658ad95a81d45367c465f7af6f7264fb077f01747ddc77d",
            "12": "d88c86f15bbea365d658ad95a81d45367c465f7af6f7264fb077f01747ddc77d",
            "14": "d88c86f15bbea365d658ad95a81d45367c465f7af6f7264fb077f01747ddc77d",
            "16": "d88c86f15bbea365d658ad95a81d45367c465f7af6f7264fb077f01747ddc77d"
        }
    },
    "pml_x_size": {
        "dtype": "uint64",
        "attrs": {
            "data_type": "b'long'",
            "domain_type": "b'real'"
        },
        "shape": [
            1,
            1,
            1
        ],
        "checksums": {
            "6": "0c27700c82d333aa295692f1814040a962d7bc530253af661d97635dd5ed7af9",
            "8": "0c27700c82d333aa295692f1814040a962d7bc530253af661d97635dd5ed7af9",
            "10": "0c27700c82d333aa295692f1814040a962d7bc530253af661d97635dd5ed7af9",
            "12": "0c27700c82d333aa295692f1814040a962d7bc530253af661d97635dd5ed7af9",
            "14": "0c27700c82d333aa295692f1814040a962d7bc530253af661d97635dd5ed7af9",
            "16": "0c27700c82d333aa295692f1814040a962d7bc530253af661d97635dd5ed7af9"
        }
    },
    "pml_y_alpha": {
        "dtype": "float32",
        "attrs": {
            "data_type": "b'float'",
            "domain_type": "b'real'"
        },
        "shape": [
            1,
            1,
            1
        ],
        "checksums": {
            "6": "d88c86f15bbea365d658ad95a81d45367c465f7af6f7264fb077f01747ddc77d",
            "8": "d88c86f15bbea365d658ad95a81d45367c465f7af6f7264fb077f01747ddc77d",
            "10": "d88c86f15bbea365d658ad95a81d45367c465f7af6f7264fb077f01747ddc77d",
            "12": "d88c86f15bbea365d658ad95a81d45367c465f7af6f7264fb077f01747ddc77d",
            "14": "d88c86f15bbea365d658ad95a81d45367c465f7af6f7264fb077f01747ddc77d",
            "16": "d88c86f15bbea365d658ad95a81d45367c465f7af6f7264fb077f01747ddc77d"
        }
    },
    "pml_y_size": {
        "dtype": "uint64",
        "attrs": {
            "data_type": "b'long'",
            "domain_type": "b'real'"
        },
        "shape": [
            1,
            1,
            1
        ],
        "checksums": {
            "6": "0c27700c82d333aa295692f1814040a962d7bc530253af661d97635dd5ed7af9",
            "8": "0c27700c82d333aa295692f1814040a962d7bc530253af661d97635dd5ed7af9",
            "10": "0c27700c82d333aa295692f1814040a962d7bc530253af661d97635dd5ed7af9",
            "12": "0c27700c82d333aa295692f1814040a962d7bc530253af661d97635dd5ed7af9",
            "14": "0c27700c82d333aa295692f1814040a962d7bc530253af661d97635dd5ed7af9",
            "16": "0c27700c82d333aa295692f1814040a962d7bc530253af661d97635dd5ed7af9"
        }
    },
    "pml_z_size": {
        "dtype": "uint64",
        "attrs": {
            "data_type": "b'long'",
            "domain_type": "b'real'"
        },
        "shape": [
            1,
            1,
            1
        ],
        "checksums": {
            "6": "af5570f5a1810b7af78caf4bc70a660f0df51e42baf91d4de5b2328de0e83dfc",
            "8": "af5570f5a1810b7af78caf4bc70a660f0df51e42baf91d4de5b2328de0e83dfc",
            "10": "af5570f5a1810b7af78caf4bc70a660f0df51e42baf91d4de5b2328de0e83dfc",
            "12": "af5570f5a1810b7af78caf4bc70a660f0df51e42baf91d4de5b2328de0e83dfc",
            "14": "af5570f5a1810b7af78caf4bc70a660f0df51e42baf91d4de5b2328de0e83dfc",
            "16": "af5570f5a1810b7af78caf4bc70a660f0df51e42baf91d4de5b2328de0e83dfc"
        }
    },
    "rho0": {
        "dtype": "float32",
        "attrs": {
            "data_type": "b'float'",
            "domain_type": "b'real'"
        },
        "shape": [
            1,
            1,
            1
        ],
        "checksums": {
            "6": "e00e5eb9444182f352323374ef4e08ebcb784725fdd4fd612d7730540b3e0c8c",
            "8": "e00e5eb9444182f352323374ef4e08ebcb784725fdd4fd612d7730540b3e0c8c",
            "10": "e00e5eb9444182f352323374ef4e08ebcb784725fdd4fd612d7730540b3e0c8c",
            "12": "e00e5eb9444182f352323374ef4e08ebcb784725fdd4fd612d7730540b3e0c8c",
            "14": "e00e5eb9444182f352323374ef4e08ebcb784725fdd4fd612d7730540b3e0c8c",
            "16": "e00e5eb9444182f352323374ef4e08ebcb784725fdd4fd612d7730540b3e0c8c"
        }
    },
    "rho0_sgx": {
        "dtype": "float32",
        "attrs": {
            "data_type": "b'float'",
            "domain_type": "b'real'"
        },
        "shape": [
            1,
            1,
            1
        ],
        "checksums": {
            "6": "e00e5eb9444182f352323374ef4e08ebcb784725fdd4fd612d7730540b3e0c8c",
            "8": "e00e5eb9444182f352323374ef4e08ebcb784725fdd4fd612d7730540b3e0c8c",
            "10": "e00e5eb9444182f352323374ef4e08ebcb784725fdd4fd612d7730540b3e0c8c",
            "12": "e00e5eb9444182f352323374ef4e08ebcb784725fdd4fd612d7730540b3e0c8c",
            "14": "e00e5eb9444182f352323374ef4e08ebcb784725fdd4fd612d7730540b3e0c8c",
            "16": "e00e5eb9444182f352323374ef4e08ebcb784725fdd4fd612d7730540b3e0c8c"
        }
    },
    "rho0_sgy": {
        "dtype": "float32",
        "attrs": {
            "data_type": "b'float'",
            "domain_type": "b'real'"
        },
        "shape": [
            1,
            1,
            1
        ],
        "checksums": {
            "6": "e00e5eb9444182f352323374ef4e08ebcb784725fdd4fd612d7730540b3e0c8c",
            "8": "e00e5eb9444182f352323374ef4e08ebcb784725fdd4fd612d7730540b3e0c8c",
            "10": "e00e5eb9444182f352323374ef4e08ebcb784725fdd4fd612d7730540b3e0c8c",
            "12": "e00e5eb9444182f352323374ef4e08ebcb784725fdd4fd612d7730540b3e0c8c",
            "14": "e00e5eb9444182f352323374ef4e08ebcb784725fdd4fd612d7730540b3e0c8c",
            "16": "e00e5eb9444182f352323374ef4e08ebcb784725fdd4fd612d7730540b3e0c8c"
        }
    },
    "sensor_mask_index": {
        "dtype": "uint64",
        "attrs": {
            "data_type": "b'long'",
            "domain_type": "b'real'"
        },
        "shape": [
            1,
            1,
            1
        ],
        "checksums": {
            "6": "fb8adc8251454ebf17e8c7c02506deb1ffce5ed5e3b731e175e1cbcc46101cfb",
            "8": "fb8adc8251454ebf17e8c7c02506deb1ffce5ed5e3b731e175e1cbcc46101cfb",
            "10": "fb8adc8251454ebf17e8c7c02506deb1ffce5ed5e3b731e175e1cbcc46101cfb",
            "12": "fb8adc8251454ebf17e8c7c02506deb1ffce5ed5e3b731e175e1cbcc46101cfb",
            "14": "fb8adc8251454ebf17e8c7c02506deb1ffce5ed5e3b731e175e1cbcc46101cfb",
            "16": "fb8adc8251454ebf17e8c7c02506deb1ffce5ed5e3b731e175e1cbcc46101cfb"
        }
    },
    "sensor_mask_type": {
        "dtype": "uint64",
        "attrs": {
            "data_type": "b'long'",
            "domain_type": "b'real'"
        },
        "shape": [
            1,
            1,
            1
        ],
        "checksums": {
            "6": "af5570f5a1810b7af78caf4bc70a660f0df51e42baf91d4de5b2328de0e83dfc",
            "8": "af5570f5a1810b7af78caf4bc70a660f0df51e42baf91d4de5b2328de0e83dfc",
            "10": "af5570f5a1810b7af78caf4bc70a660f0df51e42baf91d4de5b2328de0e83dfc",
            "12": "af5570f5a1810b7af78caf4bc70a660f0df51e42baf91d4de5b2328de0e83dfc",
            "14": "af5570f5a1810b7af78caf4bc70a660f0df51e42baf91d4de5b2328de0e83dfc",
            "16": "af5570f5a1810b7af78caf4bc70a660f0df51e42baf91d4de5b2328de0e83dfc"
        }
    },
    "sxx_source_flag": {
        "dtype": "uint64",
        "attrs": {
            "data_type": "b'long'",
            "domain_type": "b'real'"
        },
        "shape": [
            1,
            1,
            1
        ],
        "checksums": {
            "6": "af5570f5a1810b7af78caf4bc70a660f0df51e42baf91d4de5b2328de0e83dfc",
            "8": "af5570f5a1810b7af78caf4bc70a660f0df51e42baf91d4de5b2328de0e83dfc",
            "10": "af5570f5a1810b7af78caf4bc70a660f0df51e42baf91d4de5b2328de0e83dfc",
            "12": "af5570f5a1810b7af78caf4bc70a660f0df51e42baf91d4de5b2328de0e83dfc",
            "14": "af5570f5a1810b7af78caf4bc70a660f0df51e42baf91d4de5b2328de0e83dfc",
            "16": "af5570f5a1810b7af78caf4bc70a660f0df51e42baf91d4de5b2328de0e83dfc"
        }
    },
    "sxy_source_flag": {
        "dtype": "uint64",
        "attrs": {
            "data_type": "b'long'",
            "domain_type": "b'real'"
        },
        "shape": [
            1,
            1,
            1
        ],
        "checksums": {
            "6": "af5570f5a1810b7af78caf4bc70a660f0df51e42baf91d4de5b2328de0e83dfc",
            "8": "af5570f5a1810b7af78caf4bc70a660f0df51e42baf91d4de5b2328de0e83dfc",
            "10": "af5570f5a1810b7af78caf4bc70a660f0df51e42baf91d4de5b2328de0e83dfc",
            "12": "af5570f5a1810b7af78caf4bc70a660f0df51e42baf91d4de5b2328de0e83dfc",
            "14": "af5570f5a1810b7af78caf4bc70a660f0df51e42baf91d4de5b2328de0e83dfc",
            "16": "af5570f5a1810b7af78caf4bc70a660f0df51e42baf91d4de5b2328de0e83dfc"
        }
    },
    "sxz_source_flag": {
        "dtype": "uint64",
        "attrs": {
            "data_type": "b'long'",
            "domain_type": "b'real'"
        },
        "shape": [
            1,
            1,
            1
        ],
        "checksums": {
            "6": "af5570f5a1810b7af78caf4bc70a660f0df51e42baf91d4de5b2328de0e83dfc",
            "8": "af5570f5a1810b7af78caf4bc70a660f0df51e42baf91d4de5b2328de0e83dfc",
            "10": "af5570f5a1810b7af78caf4bc70a660f0df51e42baf91d4de5b2328de0e83dfc",
            "12": "af5570f5a1810b7af78caf4bc70a660f0df51e42baf91d4de5b2328de0e83dfc",
            "14": "af5570f5a1810b7af78caf4bc70a660f0df51e42baf91d4de5b2328de0e83dfc",
            "16": "af5570f5a1810b7af78caf4bc70a660f0df51e42baf91d4de5b2328de0e83dfc"
        }
    },
    "syy_source_flag": {
        "dtype": "uint64",
        "attrs": {
            "data_type": "b'long'",
            "domain_type": "b'real'"
        },
        "shape": [
            1,
            1,
            1
        ],
        "checksums": {
            "6": "af5570f5a1810b7af78caf4bc70a660f0df51e42baf91d4de5b2328de0e83dfc",
            "8": "af5570f5a1810b7af78caf4bc70a660f0df51e42baf91d4de5b2328de0e83dfc",
            "10": "af5570f5a1810b7af78caf4bc70a660f0df51e42baf91d4de5b2328de0e83dfc",
            "12": "af5570f5a1810b7af78caf4bc70a660f0df51e42baf91d4de5b2328de0e83dfc",
            "14": "af5570f5a1810b7af78caf4bc70a660f0df51e42baf91d4de5b2328de0e83dfc",
            "16": "af5570f5a1810b7af78caf4bc70a660f0df51e42baf91d4de5b2328de0e83dfc"
        }
    },
    "syz_source_flag": {
        "dtype": "uint64",
        "attrs": {
            "data_type": "b'long'",
            "domain_type": "b'real'"
        },
        "shape": [
            1,
            1,
            1
        ],
        "checksums": {
            "6": "af5570f5a1810b7af78caf4bc70a660f0df51e42baf91d4de5b2328de0e83dfc",
            "8": "af5570f5a1810b7af78caf4bc70a660f0df51e42baf91d4de5b2328de0e83dfc",
            "10": "af5570f5a1810b7af78caf4bc70a660f0df51e42baf91d4de5b2328de0e83dfc",
            "12": "af5570f5a1810b7af78caf4bc70a660f0df51e42baf91d4de5b2328de0e83dfc",
            "14": "af5570f5a1810b7af78caf4bc70a660f0df51e42baf91d4de5b2328de0e83dfc",
            "16": "af5570f5a1810b7af78caf4bc70a660f0df51e42baf91d4de5b2328de0e83dfc"
        }
    },
    "szz_source_flag": {
        "dtype": "uint64",
        "attrs": {
            "data_type": "b'long'",
            "domain_type": "b'real'"
        },
        "shape": [
            1,
            1,
            1
        ],
        "checksums": {
            "6": "af5570f5a1810b7af78caf4bc70a660f0df51e42baf91d4de5b2328de0e83dfc",
            "8": "af5570f5a1810b7af78caf4bc70a660f0df51e42baf91d4de5b2328de0e83dfc",
            "10": "af5570f5a1810b7af78caf4bc70a660f0df51e42baf91d4de5b2328de0e83dfc",
            "12": "af5570f5a1810b7af78caf4bc70a660f0df51e42baf91d4de5b2328de0e83dfc",
            "14": "af5570f5a1810b7af78caf4bc70a660f0df51e42baf91d4de5b2328de0e83dfc",
            "16": "af5570f5a1810b7af78caf4bc70a660f0df51e42baf91d4de5b2328de0e83dfc"
        }
    },
    "transducer_source_flag": {
        "dtype": "uint64",
        "attrs": {
            "data_type": "b'long'",
            "domain_type": "b'real'"
        },
        "shape": [
            1,
            1,
            1
        ],
        "checksums": {
            "6": "af5570f5a1810b7af78caf4bc70a660f0df51e42baf91d4de5b2328de0e83dfc",
            "8": "af5570f5a1810b7af78caf4bc70a660f0df51e42baf91d4de5b2328de0e83dfc",
            "10": "af5570f5a1810b7af78caf4bc70a660f0df51e42baf91d4de5b2328de0e83dfc",
            "12": "af5570f5a1810b7af78caf4bc70a660f0df51e42baf91d4de5b2328de0e83dfc",
            "14": "af5570f5a1810b7af78caf4bc70a660f0df51e42baf91d4de5b2328de0e83dfc",
            "16": "af5570f5a1810b7af78caf4bc70a660f0df51e42baf91d4de5b2328de0e83dfc"
        }
    },
    "ux_source_flag": {
        "dtype": "uint64",
        "attrs": {
            "data_type": "b'long'",
            "domain_type": "b'real'"
        },
        "shape": [
            1,
            1,
            1
        ],
        "checksums": {
            "6": "af5570f5a1810b7af78caf4bc70a660f0df51e42baf91d4de5b2328de0e83dfc",
            "8": "af5570f5a1810b7af78caf4bc70a660f0df51e42baf91d4de5b2328de0e83dfc",
            "10": "af5570f5a1810b7af78caf4bc70a660f0df51e42baf91d4de5b2328de0e83dfc",
            "12": "af5570f5a1810b7af78caf4bc70a660f0df51e42baf91d4de5b2328de0e83dfc",
            "14": "af5570f5a1810b7af78caf4bc70a660f0df51e42baf91d4de5b2328de0e83dfc",
            "16": "af5570f5a1810b7af78caf4bc70a660f0df51e42baf91d4de5b2328de0e83dfc"
        }
    },
    "uy_source_flag": {
        "dtype": "uint64",
        "attrs": {
            "data_type": "b'long'",
            "domain_type": "b'real'"
        },
        "shape": [
            1,
            1,
            1
        ],
        "checksums": {
            "6": "af5570f5a1810b7af78caf4bc70a660f0df51e42baf91d4de5b2328de0e83dfc",
            "8": "af5570f5a1810b7af78caf4bc70a660f0df51e42baf91d4de5b2328de0e83dfc",
            "10": "af5570f5a1810b7af78caf4bc70a660f0df51e42baf91d4de5b2328de0e83dfc",
            "12": "af5570f5a1810b7af78caf4bc70a660f0df51e42baf91d4de5b2328de0e83dfc",
            "14": "af5570f5a1810b7af78caf4bc70a660f0df51e42baf91d4de5b2328de0e83dfc",
            "16": "af5570f5a1810b7af78caf4bc70a660f0df51e42baf91d4de5b2328de0e83dfc"
        }
    },
    "uz_source_flag": {
        "dtype": "uint64",
        "attrs": {
            "data_type": "b'long'",
            "domain_type": "b'real'"
        },
        "shape": [
            1,
            1,
            1
        ],
        "checksums": {
            "6": "af5570f5a1810b7af78caf4bc70a660f0df51e42baf91d4de5b2328de0e83dfc",
            "8": "af5570f5a1810b7af78caf4bc70a660f0df51e42baf91d4de5b2328de0e83dfc",
            "10": "af5570f5a1810b7af78caf4bc70a660f0df51e42baf91d4de5b2328de0e83dfc",
            "12": "af5570f5a1810b7af78caf4bc70a660f0df51e42baf91d4de5b2328de0e83dfc",
            "14": "af5570f5a1810b7af78caf4bc70a660f0df51e42baf91d4de5b2328de0e83dfc",
            "16": "af5570f5a1810b7af78caf4bc70a660f0df51e42baf91d4de5b2328de0e83dfc"
        }
    },
    "root": {
        "attrs": {
            "created_by": "b'k-Wave 1.3'",
            "creation_date": "b'22-Apr-2021-13-09-43'",
            "file_description": "b'Input data created by faridyagubbayli running MATLAB 9.7 (R2019b) on MACI64'",
            "file_type": "b'input'",
            "major_version": "b'1'",
            "minor_version": "b'2'"
        }
    }
}