{
    "Nt": {
        "dtype": "uint64",
        "attrs": {
            "data_type": "b'long'",
            "domain_type": "b'real'"
        },
        "shape": [
            1,
            1,
            1
        ],
        "checksums": {
            "6": "147070db17e2cf525386a8dfd74a672a5313dff2c7c3369ef6a1d3e88133af22",
            "8": "147070db17e2cf525386a8dfd74a672a5313dff2c7c3369ef6a1d3e88133af22",
            "10": "147070db17e2cf525386a8dfd74a672a5313dff2c7c3369ef6a1d3e88133af22",
            "12": "147070db17e2cf525386a8dfd74a672a5313dff2c7c3369ef6a1d3e88133af22",
            "14": "147070db17e2cf525386a8dfd74a672a5313dff2c7c3369ef6a1d3e88133af22",
            "16": "147070db17e2cf525386a8dfd74a672a5313dff2c7c3369ef6a1d3e88133af22"
        }
    },
    "Nx": {
        "dtype": "uint64",
        "attrs": {
            "data_type": "b'long'",
            "domain_type": "b'real'"
        },
        "shape": [
            1,
            1,
            1
        ],
        "checksums": {
            "6": "2e22fd435060cd5d3cf5e3ef39f79e198b35bd2c4af31974db36601b3a2f4c91",
            "8": "2e22fd435060cd5d3cf5e3ef39f79e198b35bd2c4af31974db36601b3a2f4c91",
            "10": "2e22fd435060cd5d3cf5e3ef39f79e198b35bd2c4af31974db36601b3a2f4c91",
            "12": "2e22fd435060cd5d3cf5e3ef39f79e198b35bd2c4af31974db36601b3a2f4c91",
            "14": "2e22fd435060cd5d3cf5e3ef39f79e198b35bd2c4af31974db36601b3a2f4c91",
            "16": "2e22fd435060cd5d3cf5e3ef39f79e198b35bd2c4af31974db36601b3a2f4c91"
        }
    },
    "Ny": {
        "dtype": "uint64",
        "attrs": {
            "data_type": "b'long'",
            "domain_type": "b'real'"
        },
        "shape": [
            1,
            1,
            1
        ],
        "checksums": {
            "6": "2e22fd435060cd5d3cf5e3ef39f79e198b35bd2c4af31974db36601b3a2f4c91",
            "8": "2e22fd435060cd5d3cf5e3ef39f79e198b35bd2c4af31974db36601b3a2f4c91",
            "10": "2e22fd435060cd5d3cf5e3ef39f79e198b35bd2c4af31974db36601b3a2f4c91",
            "12": "2e22fd435060cd5d3cf5e3ef39f79e198b35bd2c4af31974db36601b3a2f4c91",
            "14": "2e22fd435060cd5d3cf5e3ef39f79e198b35bd2c4af31974db36601b3a2f4c91",
            "16": "2e22fd435060cd5d3cf5e3ef39f79e198b35bd2c4af31974db36601b3a2f4c91"
        }
    },
    "Nz": {
        "dtype": "uint64",
        "attrs": {
            "data_type": "b'long'",
            "domain_type": "b'real'"
        },
        "shape": [
            1,
            1,
            1
        ],
        "checksums": {
            "6": "7c9fa136d4413fa6173637e883b6998d32e1d675f88cddff9dcbcf331820f4b8",
            "8": "7c9fa136d4413fa6173637e883b6998d32e1d675f88cddff9dcbcf331820f4b8",
            "10": "7c9fa136d4413fa6173637e883b6998d32e1d675f88cddff9dcbcf331820f4b8",
            "12": "7c9fa136d4413fa6173637e883b6998d32e1d675f88cddff9dcbcf331820f4b8",
            "14": "7c9fa136d4413fa6173637e883b6998d32e1d675f88cddff9dcbcf331820f4b8",
            "16": "7c9fa136d4413fa6173637e883b6998d32e1d675f88cddff9dcbcf331820f4b8"
        }
    },
    "absorbing_flag": {
        "dtype": "uint64",
        "attrs": {
            "data_type": "b'long'",
            "domain_type": "b'real'"
        },
        "shape": [
            1,
            1,
            1
        ],
        "checksums": {
            "6": "af5570f5a1810b7af78caf4bc70a660f0df51e42baf91d4de5b2328de0e83dfc",
            "8": "af5570f5a1810b7af78caf4bc70a660f0df51e42baf91d4de5b2328de0e83dfc",
            "10": "af5570f5a1810b7af78caf4bc70a660f0df51e42baf91d4de5b2328de0e83dfc",
            "12": "af5570f5a1810b7af78caf4bc70a660f0df51e42baf91d4de5b2328de0e83dfc",
            "14": "af5570f5a1810b7af78caf4bc70a660f0df51e42baf91d4de5b2328de0e83dfc",
            "16": "af5570f5a1810b7af78caf4bc70a660f0df51e42baf91d4de5b2328de0e83dfc"
        }
    },
    "axisymmetric_flag": {
        "dtype": "uint64",
        "attrs": {
            "data_type": "b'long'",
            "domain_type": "b'real'"
        },
        "shape": [
            1,
            1,
            1
        ],
        "checksums": {
            "6": "af5570f5a1810b7af78caf4bc70a660f0df51e42baf91d4de5b2328de0e83dfc",
            "8": "af5570f5a1810b7af78caf4bc70a660f0df51e42baf91d4de5b2328de0e83dfc",
            "10": "af5570f5a1810b7af78caf4bc70a660f0df51e42baf91d4de5b2328de0e83dfc",
            "12": "af5570f5a1810b7af78caf4bc70a660f0df51e42baf91d4de5b2328de0e83dfc",
            "14": "af5570f5a1810b7af78caf4bc70a660f0df51e42baf91d4de5b2328de0e83dfc",
            "16": "af5570f5a1810b7af78caf4bc70a660f0df51e42baf91d4de5b2328de0e83dfc"
        }
    },
    "c0": {
        "dtype": "float32",
        "attrs": {
            "data_type": "b'float'",
            "domain_type": "b'real'"
        },
        "shape": [
            1,
            1,
            1
        ],
        "checksums": {
            "6": "82543c9304862fece0caaf1760bf4c0176b6e8c5310f862b8d7c56fcc1b2cab8",
            "8": "3c3f1f93d288386e758f1409f1dbb32a8fb39b5e0399de95ced63260ab5e3bd5",
            "10": "82543c9304862fece0caaf1760bf4c0176b6e8c5310f862b8d7c56fcc1b2cab8",
            "12": "82543c9304862fece0caaf1760bf4c0176b6e8c5310f862b8d7c56fcc1b2cab8",
            "14": "82543c9304862fece0caaf1760bf4c0176b6e8c5310f862b8d7c56fcc1b2cab8",
            "16": "82543c9304862fece0caaf1760bf4c0176b6e8c5310f862b8d7c56fcc1b2cab8"
        }
    },
    "c_ref": {
        "dtype": "float32",
        "attrs": {
            "data_type": "b'float'",
            "domain_type": "b'real'"
        },
        "shape": [
            1,
            1,
            1
        ],
        "checksums": {
            "6": "82543c9304862fece0caaf1760bf4c0176b6e8c5310f862b8d7c56fcc1b2cab8",
            "8": "3c3f1f93d288386e758f1409f1dbb32a8fb39b5e0399de95ced63260ab5e3bd5",
            "10": "82543c9304862fece0caaf1760bf4c0176b6e8c5310f862b8d7c56fcc1b2cab8",
            "12": "82543c9304862fece0caaf1760bf4c0176b6e8c5310f862b8d7c56fcc1b2cab8",
            "14": "82543c9304862fece0caaf1760bf4c0176b6e8c5310f862b8d7c56fcc1b2cab8",
            "16": "82543c9304862fece0caaf1760bf4c0176b6e8c5310f862b8d7c56fcc1b2cab8"
        }
    },
    "dt": {
        "dtype": "float32",
        "attrs": {
            "data_type": "b'float'",
            "domain_type": "b'real'"
        },
        "shape": [
            1,
            1,
            1
        ],
        "checksums": {
            "6": "df3f619804a92fdb4057192dc43dd748ea778adc52bc498ce80524c014b81119",
            "8": "b2c6a8c83803ff33154c42757d93d1a39e827f2745b79e92eb09bd4db3aa8e7a",
            "10": "0536188ba03eee3ebfdb0f6d9dca4631f46195221a21cf2743295dd241111b63",
            "12": "9f619d1919b422d9e1ef8e9ac6851f01d3afb7ae7a8c1286a1d61fc3cbfd722e",
            "14": "c4c5d08350465ecf7b2eabaf1416b35bcf64e238c75f8f51adffae27ca72436c",
            "16": "c4c5d08350465ecf7b2eabaf1416b35bcf64e238c75f8f51adffae27ca72436c"
        }
    },
    "dx": {
        "dtype": "float32",
        "attrs": {
            "data_type": "b'float'",
            "domain_type": "b'real'"
        },
        "shape": [
            1,
            1,
            1
        ],
        "checksums": {
            "6": "72be9f2631d5dc74489553e1a89b3fdbd95de27183335b165f4b55b491d1ccc0",
            "8": "f4ae270a85212a47b3342bf6b033bbc9a311839badfa77f506194c313cb4d27f",
            "10": "24fb7345641b15fb14af3a28d07151b7b51cda9b8e63920cdb4a0cfcdcde4253",
            "12": "24fb7345641b15fb14af3a28d07151b7b51cda9b8e63920cdb4a0cfcdcde4253",
            "14": "24fb7345641b15fb14af3a28d07151b7b51cda9b8e63920cdb4a0cfcdcde4253",
            "16": "24fb7345641b15fb14af3a28d07151b7b51cda9b8e63920cdb4a0cfcdcde4253"
        }
    },
    "dy": {
        "dtype": "float32",
        "attrs": {
            "data_type": "b'float'",
            "domain_type": "b'real'"
        },
        "shape": [
            1,
            1,
            1
        ],
        "checksums": {
            "6": "72be9f2631d5dc74489553e1a89b3fdbd95de27183335b165f4b55b491d1ccc0",
            "8": "f4ae270a85212a47b3342bf6b033bbc9a311839badfa77f506194c313cb4d27f",
            "10": "24fb7345641b15fb14af3a28d07151b7b51cda9b8e63920cdb4a0cfcdcde4253",
            "12": "24fb7345641b15fb14af3a28d07151b7b51cda9b8e63920cdb4a0cfcdcde4253",
            "14": "24fb7345641b15fb14af3a28d07151b7b51cda9b8e63920cdb4a0cfcdcde4253",
            "16": "24fb7345641b15fb14af3a28d07151b7b51cda9b8e63920cdb4a0cfcdcde4253"
        }
    },
    "elastic_flag": {
        "dtype": "uint64",
        "attrs": {
            "data_type": "b'long'",
            "domain_type": "b'real'"
        },
        "shape": [
            1,
            1,
            1
        ],
        "checksums": {
            "6": "af5570f5a1810b7af78caf4bc70a660f0df51e42baf91d4de5b2328de0e83dfc",
            "8": "af5570f5a1810b7af78caf4bc70a660f0df51e42baf91d4de5b2328de0e83dfc",
            "10": "af5570f5a1810b7af78caf4bc70a660f0df51e42baf91d4de5b2328de0e83dfc",
            "12": "af5570f5a1810b7af78caf4bc70a660f0df51e42baf91d4de5b2328de0e83dfc",
            "14": "af5570f5a1810b7af78caf4bc70a660f0df51e42baf91d4de5b2328de0e83dfc",
            "16": "af5570f5a1810b7af78caf4bc70a660f0df51e42baf91d4de5b2328de0e83dfc"
        }
    },
    "nonlinear_flag": {
        "dtype": "uint64",
        "attrs": {
            "data_type": "b'long'",
            "domain_type": "b'real'"
        },
        "shape": [
            1,
            1,
            1
        ],
        "checksums": {
            "6": "af5570f5a1810b7af78caf4bc70a660f0df51e42baf91d4de5b2328de0e83dfc",
            "8": "af5570f5a1810b7af78caf4bc70a660f0df51e42baf91d4de5b2328de0e83dfc",
            "10": "af5570f5a1810b7af78caf4bc70a660f0df51e42baf91d4de5b2328de0e83dfc",
            "12": "af5570f5a1810b7af78caf4bc70a660f0df51e42baf91d4de5b2328de0e83dfc",
            "14": "af5570f5a1810b7af78caf4bc70a660f0df51e42baf91d4de5b2328de0e83dfc",
            "16": "af5570f5a1810b7af78caf4bc70a660f0df51e42baf91d4de5b2328de0e83dfc"
        }
    },
    "nonuniform_grid_flag": {
        "dtype": "uint64",
        "attrs": {
            "data_type": "b'long'",
            "domain_type": "b'real'"
        },
        "shape": [
            1,
            1,
            1
        ],
        "checksums": {
            "6": "af5570f5a1810b7af78caf4bc70a660f0df51e42baf91d4de5b2328de0e83dfc",
            "8": "af5570f5a1810b7af78caf4bc70a660f0df51e42baf91d4de5b2328de0e83dfc",
            "10": "af5570f5a1810b7af78caf4bc70a660f0df51e42baf91d4de5b2328de0e83dfc",
            "12": "af5570f5a1810b7af78caf4bc70a660f0df51e42baf91d4de5b2328de0e83dfc",
            "14": "af5570f5a1810b7af78caf4bc70a660f0df51e42baf91d4de5b2328de0e83dfc",
            "16": "af5570f5a1810b7af78caf4bc70a660f0df51e42baf91d4de5b2328de0e83dfc"
        }
    },
    "p0_source_flag": {
        "dtype": "uint64",
        "attrs": {
            "data_type": "b'long'",
            "domain_type": "b'real'"
        },
        "shape": [
            1,
            1,
            1
        ],
        "checksums": {
            "6": "7c9fa136d4413fa6173637e883b6998d32e1d675f88cddff9dcbcf331820f4b8",
            "8": "7c9fa136d4413fa6173637e883b6998d32e1d675f88cddff9dcbcf331820f4b8",
            "10": "7c9fa136d4413fa6173637e883b6998d32e1d675f88cddff9dcbcf331820f4b8",
            "12": "7c9fa136d4413fa6173637e883b6998d32e1d675f88cddff9dcbcf331820f4b8",
            "14": "7c9fa136d4413fa6173637e883b6998d32e1d675f88cddff9dcbcf331820f4b8",
            "16": "7c9fa136d4413fa6173637e883b6998d32e1d675f88cddff9dcbcf331820f4b8"
        }
    },
    "p0_source_input": {
        "dtype": "float32",
        "attrs": {
            "data_type": "b'float'",
            "domain_type": "b'real'"
        },
        "shape": [
            1,
            256,
            256
        ],
        "checksums": {
            "6": "69d04543b614c88bd18073f4f7f1a75086e20896c5dc724c26e1041779faa597",
            "8": "e4acf41cd2ed45ad1f4a26116e60e79340396536bf526d8859fbfd1d920d0468",
            "10": "27e61c6df22fe4b0d3c1c35f95f6e26e40120285c00ded8f23660c7b964648cf",
            "12": "d707f77d90f0178b09e36ba8a3df0360264299030325e58bcfc610e7de515aa9",
            "14": "ffc548d68c3651cbfcdc5aaa05c3a76bda410e35948a1934b2f486f5cc61c6af",
            "16": "6b16df130e08741426e9a0da7fd7b38ebff292ab7b0b3e9e8b01a855505e74d8"
        }
    },
    "p_source_flag": {
        "dtype": "uint64",
        "attrs": {
            "data_type": "b'long'",
            "domain_type": "b'real'"
        },
        "shape": [
            1,
            1,
            1
        ],
        "checksums": {
            "6": "af5570f5a1810b7af78caf4bc70a660f0df51e42baf91d4de5b2328de0e83dfc",
            "8": "af5570f5a1810b7af78caf4bc70a660f0df51e42baf91d4de5b2328de0e83dfc",
            "10": "af5570f5a1810b7af78caf4bc70a660f0df51e42baf91d4de5b2328de0e83dfc",
            "12": "af5570f5a1810b7af78caf4bc70a660f0df51e42baf91d4de5b2328de0e83dfc",
            "14": "af5570f5a1810b7af78caf4bc70a660f0df51e42baf91d4de5b2328de0e83dfc",
            "16": "af5570f5a1810b7af78caf4bc70a660f0df51e42baf91d4de5b2328de0e83dfc"
        }
    },
    "pml_x_alpha": {
        "dtype": "float32",
        "attrs": {
            "data_type": "b'float'",
            "domain_type": "b'real'"
        },
        "shape": [
            1,
            1,
            1
        ],
        "checksums": {
            "6": "d88c86f15bbea365d658ad95a81d45367c465f7af6f7264fb077f01747ddc77d",
            "8": "d88c86f15bbea365d658ad95a81d45367c465f7af6f7264fb077f01747ddc77d",
            "10": "d88c86f15bbea365d658ad95a81d45367c465f7af6f7264fb077f01747ddc77d",
            "12": "d88c86f15bbea365d658ad95a81d45367c465f7af6f7264fb077f01747ddc77d",
            "14": "d88c86f15bbea365d658ad95a81d45367c465f7af6f7264fb077f01747ddc77d",
            "16": "d88c86f15bbea365d658ad95a81d45367c465f7af6f7264fb077f01747ddc77d"
        }
    },
    "pml_x_size": {
        "dtype": "uint64",
        "attrs": {
            "data_type": "b'long'",
            "domain_type": "b'real'"
        },
        "shape": [
            1,
            1,
            1
        ],
        "checksums": {
            "6": "0c27700c82d333aa295692f1814040a962d7bc530253af661d97635dd5ed7af9",
            "8": "0c27700c82d333aa295692f1814040a962d7bc530253af661d97635dd5ed7af9",
            "10": "0c27700c82d333aa295692f1814040a962d7bc530253af661d97635dd5ed7af9",
            "12": "0c27700c82d333aa295692f1814040a962d7bc530253af661d97635dd5ed7af9",
            "14": "0c27700c82d333aa295692f1814040a962d7bc530253af661d97635dd5ed7af9",
            "16": "0c27700c82d333aa295692f1814040a962d7bc530253af661d97635dd5ed7af9"
        }
    },
    "pml_y_alpha": {
        "dtype": "float32",
        "attrs": {
            "data_type": "b'float'",
            "domain_type": "b'real'"
        },
        "shape": [
            1,
            1,
            1
        ],
        "checksums": {
            "6": "d88c86f15bbea365d658ad95a81d45367c465f7af6f7264fb077f01747ddc77d",
            "8": "d88c86f15bbea365d658ad95a81d45367c465f7af6f7264fb077f01747ddc77d",
            "10": "d88c86f15bbea365d658ad95a81d45367c465f7af6f7264fb077f01747ddc77d",
            "12": "d88c86f15bbea365d658ad95a81d45367c465f7af6f7264fb077f01747ddc77d",
            "14": "d88c86f15bbea365d658ad95a81d45367c465f7af6f7264fb077f01747ddc77d",
            "16": "d88c86f15bbea365d658ad95a81d45367c465f7af6f7264fb077f01747ddc77d"
        }
    },
    "pml_y_size": {
        "dtype": "uint64",
        "attrs": {
            "data_type": "b'long'",
            "domain_type": "b'real'"
        },
        "shape": [
            1,
            1,
            1
        ],
        "checksums": {
            "6": "0c27700c82d333aa295692f1814040a962d7bc530253af661d97635dd5ed7af9",
            "8": "0c27700c82d333aa295692f1814040a962d7bc530253af661d97635dd5ed7af9",
            "10": "0c27700c82d333aa295692f1814040a962d7bc530253af661d97635dd5ed7af9",
            "12": "0c27700c82d333aa295692f1814040a962d7bc530253af661d97635dd5ed7af9",
            "14": "0c27700c82d333aa295692f1814040a962d7bc530253af661d97635dd5ed7af9",
            "16": "0c27700c82d333aa295692f1814040a962d7bc530253af661d97635dd5ed7af9"
        }
    },
    "pml_z_size": {
        "dtype": "uint64",
        "attrs": {
            "data_type": "b'long'",
            "domain_type": "b'real'"
        },
        "shape": [
            1,
            1,
            1
        ],
        "checksums": {
            "6": "af5570f5a1810b7af78caf4bc70a660f0df51e42baf91d4de5b2328de0e83dfc",
            "8": "af5570f5a1810b7af78caf4bc70a660f0df51e42baf91d4de5b2328de0e83dfc",
            "10": "af5570f5a1810b7af78caf4bc70a660f0df51e42baf91d4de5b2328de0e83dfc",
            "12": "af5570f5a1810b7af78caf4bc70a660f0df51e42baf91d4de5b2328de0e83dfc",
            "14": "af5570f5a1810b7af78caf4bc70a660f0df51e42baf91d4de5b2328de0e83dfc",
            "16": "af5570f5a1810b7af78caf4bc70a660f0df51e42baf91d4de5b2328de0e83dfc"
        }
    },
    "rho0": {
        "dtype": "float32",
        "attrs": {
            "data_type": "b'float'",
            "domain_type": "b'real'"
        },
        "shape": [
            1,
            1,
            1
        ],
        "checksums": {
            "6": "e00e5eb9444182f352323374ef4e08ebcb784725fdd4fd612d7730540b3e0c8c",
            "8": "e00e5eb9444182f352323374ef4e08ebcb784725fdd4fd612d7730540b3e0c8c",
            "10": "e00e5eb9444182f352323374ef4e08ebcb784725fdd4fd612d7730540b3e0c8c",
            "12": "e00e5eb9444182f352323374ef4e08ebcb784725fdd4fd612d7730540b3e0c8c",
            "14": "e00e5eb9444182f352323374ef4e08ebcb784725fdd4fd612d7730540b3e0c8c",
            "16": "e00e5eb9444182f352323374ef4e08ebcb784725fdd4fd612d7730540b3e0c8c"
        }
    },
    "rho0_sgx": {
        "dtype": "float32",
        "attrs": {
            "data_type": "b'float'",
            "domain_type": "b'real'"
        },
        "shape": [
            1,
            1,
            1
        ],
        "checksums": {
            "6": "e00e5eb9444182f352323374ef4e08ebcb784725fdd4fd612d7730540b3e0c8c",
            "8": "e00e5eb9444182f352323374ef4e08ebcb784725fdd4fd612d7730540b3e0c8c",
            "10": "e00e5eb9444182f352323374ef4e08ebcb784725fdd4fd612d7730540b3e0c8c",
            "12": "e00e5eb9444182f352323374ef4e08ebcb784725fdd4fd612d7730540b3e0c8c",
            "14": "e00e5eb9444182f352323374ef4e08ebcb784725fdd4fd612d7730540b3e0c8c",
            "16": "e00e5eb9444182f352323374ef4e08ebcb784725fdd4fd612d7730540b3e0c8c"
        }
    },
    "rho0_sgy": {
        "dtype": "float32",
        "attrs": {
            "data_type": "b'float'",
            "domain_type": "b'real'"
        },
        "shape": [
            1,
            1,
            1
        ],
        "checksums": {
            "6": "e00e5eb9444182f352323374ef4e08ebcb784725fdd4fd612d7730540b3e0c8c",
            "8": "e00e5eb9444182f352323374ef4e08ebcb784725fdd4fd612d7730540b3e0c8c",
            "10": "e00e5eb9444182f352323374ef4e08ebcb784725fdd4fd612d7730540b3e0c8c",
            "12": "e00e5eb9444182f352323374ef4e08ebcb784725fdd4fd612d7730540b3e0c8c",
            "14": "e00e5eb9444182f352323374ef4e08ebcb784725fdd4fd612d7730540b3e0c8c",
            "16": "e00e5eb9444182f352323374ef4e08ebcb784725fdd4fd612d7730540b3e0c8c"
        }
    },
    "sensor_mask_index": {
        "dtype": "uint64",
        "attrs": {
            "data_type": "b'long'",
            "domain_type": "b'real'"
        },
        "shape": [
            1,
            1,
            100
        ],
        "checksums": {
            "6": "f0909f89bd02621e6e9503e68e8a543a6bb3b6b74e79d55a7378aad05ec91aa1",
            "8": "f0909f89bd02621e6e9503e68e8a543a6bb3b6b74e79d55a7378aad05ec91aa1",
            "10": "f0909f89bd02621e6e9503e68e8a543a6bb3b6b74e79d55a7378aad05ec91aa1",
            "12": "f0909f89bd02621e6e9503e68e8a543a6bb3b6b74e79d55a7378aad05ec91aa1",
            "14": "f0909f89bd02621e6e9503e68e8a543a6bb3b6b74e79d55a7378aad05ec91aa1",
            "16": "f0909f89bd02621e6e9503e68e8a543a6bb3b6b74e79d55a7378aad05ec91aa1"
        }
    },
    "sensor_mask_type": {
        "dtype": "uint64",
        "attrs": {
            "data_type": "b'long'",
            "domain_type": "b'real'"
        },
        "shape": [
            1,
            1,
            1
        ],
        "checksums": {
            "6": "af5570f5a1810b7af78caf4bc70a660f0df51e42baf91d4de5b2328de0e83dfc",
            "8": "af5570f5a1810b7af78caf4bc70a660f0df51e42baf91d4de5b2328de0e83dfc",
            "10": "af5570f5a1810b7af78caf4bc70a660f0df51e42baf91d4de5b2328de0e83dfc",
            "12": "af5570f5a1810b7af78caf4bc70a660f0df51e42baf91d4de5b2328de0e83dfc",
            "14": "af5570f5a1810b7af78caf4bc70a660f0df51e42baf91d4de5b2328de0e83dfc",
            "16": "af5570f5a1810b7af78caf4bc70a660f0df51e42baf91d4de5b2328de0e83dfc"
        }
    },
    "sxx_source_flag": {
        "dtype": "uint64",
        "attrs": {
            "data_type": "b'long'",
            "domain_type": "b'real'"
        },
        "shape": [
            1,
            1,
            1
        ],
        "checksums": {
            "6": "af5570f5a1810b7af78caf4bc70a660f0df51e42baf91d4de5b2328de0e83dfc",
            "8": "af5570f5a1810b7af78caf4bc70a660f0df51e42baf91d4de5b2328de0e83dfc",
            "10": "af5570f5a1810b7af78caf4bc70a660f0df51e42baf91d4de5b2328de0e83dfc",
            "12": "af5570f5a1810b7af78caf4bc70a660f0df51e42baf91d4de5b2328de0e83dfc",
            "14": "af5570f5a1810b7af78caf4bc70a660f0df51e42baf91d4de5b2328de0e83dfc",
            "16": "af5570f5a1810b7af78caf4bc70a660f0df51e42baf91d4de5b2328de0e83dfc"
        }
    },
    "sxy_source_flag": {
        "dtype": "uint64",
        "attrs": {
            "data_type": "b'long'",
            "domain_type": "b'real'"
        },
        "shape": [
            1,
            1,
            1
        ],
        "checksums": {
            "6": "af5570f5a1810b7af78caf4bc70a660f0df51e42baf91d4de5b2328de0e83dfc",
            "8": "af5570f5a1810b7af78caf4bc70a660f0df51e42baf91d4de5b2328de0e83dfc",
            "10": "af5570f5a1810b7af78caf4bc70a660f0df51e42baf91d4de5b2328de0e83dfc",
            "12": "af5570f5a1810b7af78caf4bc70a660f0df51e42baf91d4de5b2328de0e83dfc",
            "14": "af5570f5a1810b7af78caf4bc70a660f0df51e42baf91d4de5b2328de0e83dfc",
            "16": "af5570f5a1810b7af78caf4bc70a660f0df51e42baf91d4de5b2328de0e83dfc"
        }
    },
    "sxz_source_flag": {
        "dtype": "uint64",
        "attrs": {
            "data_type": "b'long'",
            "domain_type": "b'real'"
        },
        "shape": [
            1,
            1,
            1
        ],
        "checksums": {
            "6": "af5570f5a1810b7af78caf4bc70a660f0df51e42baf91d4de5b2328de0e83dfc",
            "8": "af5570f5a1810b7af78caf4bc70a660f0df51e42baf91d4de5b2328de0e83dfc",
            "10": "af5570f5a1810b7af78caf4bc70a660f0df51e42baf91d4de5b2328de0e83dfc",
            "12": "af5570f5a1810b7af78caf4bc70a660f0df51e42baf91d4de5b2328de0e83dfc",
            "14": "af5570f5a1810b7af78caf4bc70a660f0df51e42baf91d4de5b2328de0e83dfc",
            "16": "af5570f5a1810b7af78caf4bc70a660f0df51e42baf91d4de5b2328de0e83dfc"
        }
    },
    "syy_source_flag": {
        "dtype": "uint64",
        "attrs": {
            "data_type": "b'long'",
            "domain_type": "b'real'"
        },
        "shape": [
            1,
            1,
            1
        ],
        "checksums": {
            "6": "af5570f5a1810b7af78caf4bc70a660f0df51e42baf91d4de5b2328de0e83dfc",
            "8": "af5570f5a1810b7af78caf4bc70a660f0df51e42baf91d4de5b2328de0e83dfc",
            "10": "af5570f5a1810b7af78caf4bc70a660f0df51e42baf91d4de5b2328de0e83dfc",
            "12": "af5570f5a1810b7af78caf4bc70a660f0df51e42baf91d4de5b2328de0e83dfc",
            "14": "af5570f5a1810b7af78caf4bc70a660f0df51e42baf91d4de5b2328de0e83dfc",
            "16": "af5570f5a1810b7af78caf4bc70a660f0df51e42baf91d4de5b2328de0e83dfc"
        }
    },
    "syz_source_flag": {
        "dtype": "uint64",
        "attrs": {
            "data_type": "b'long'",
            "domain_type": "b'real'"
        },
        "shape": [
            1,
            1,
            1
        ],
        "checksums": {
            "6": "af5570f5a1810b7af78caf4bc70a660f0df51e42baf91d4de5b2328de0e83dfc",
            "8": "af5570f5a1810b7af78caf4bc70a660f0df51e42baf91d4de5b2328de0e83dfc",
            "10": "af5570f5a1810b7af78caf4bc70a660f0df51e42baf91d4de5b2328de0e83dfc",
            "12": "af5570f5a1810b7af78caf4bc70a660f0df51e42baf91d4de5b2328de0e83dfc",
            "14": "af5570f5a1810b7af78caf4bc70a660f0df51e42baf91d4de5b2328de0e83dfc",
            "16": "af5570f5a1810b7af78caf4bc70a660f0df51e42baf91d4de5b2328de0e83dfc"
        }
    },
    "szz_source_flag": {
        "dtype": "uint64",
        "attrs": {
            "data_type": "b'long'",
            "domain_type": "b'real'"
        },
        "shape": [
            1,
            1,
            1
        ],
        "checksums": {
            "6": "af5570f5a1810b7af78caf4bc70a660f0df51e42baf91d4de5b2328de0e83dfc",
            "8": "af5570f5a1810b7af78caf4bc70a660f0df51e42baf91d4de5b2328de0e83dfc",
            "10": "af5570f5a1810b7af78caf4bc70a660f0df51e42baf91d4de5b2328de0e83dfc",
            "12": "af5570f5a1810b7af78caf4bc70a660f0df51e42baf91d4de5b2328de0e83dfc",
            "14": "af5570f5a1810b7af78caf4bc70a660f0df51e42baf91d4de5b2328de0e83dfc",
            "16": "af5570f5a1810b7af78caf4bc70a660f0df51e42baf91d4de5b2328de0e83dfc"
        }
    },
    "transducer_source_flag": {
        "dtype": "uint64",
        "attrs": {
            "data_type": "b'long'",
            "domain_type": "b'real'"
        },
        "shape": [
            1,
            1,
            1
        ],
        "checksums": {
            "6": "af5570f5a1810b7af78caf4bc70a660f0df51e42baf91d4de5b2328de0e83dfc",
            "8": "af5570f5a1810b7af78caf4bc70a660f0df51e42baf91d4de5b2328de0e83dfc",
            "10": "af5570f5a1810b7af78caf4bc70a660f0df51e42baf91d4de5b2328de0e83dfc",
            "12": "af5570f5a1810b7af78caf4bc70a660f0df51e42baf91d4de5b2328de0e83dfc",
            "14": "af5570f5a1810b7af78caf4bc70a660f0df51e42baf91d4de5b2328de0e83dfc",
            "16": "af5570f5a1810b7af78caf4bc70a660f0df51e42baf91d4de5b2328de0e83dfc"
        }
    },
    "ux_source_flag": {
        "dtype": "uint64",
        "attrs": {
            "data_type": "b'long'",
            "domain_type": "b'real'"
        },
        "shape": [
            1,
            1,
            1
        ],
        "checksums": {
            "6": "af5570f5a1810b7af78caf4bc70a660f0df51e42baf91d4de5b2328de0e83dfc",
            "8": "af5570f5a1810b7af78caf4bc70a660f0df51e42baf91d4de5b2328de0e83dfc",
            "10": "af5570f5a1810b7af78caf4bc70a660f0df51e42baf91d4de5b2328de0e83dfc",
            "12": "af5570f5a1810b7af78caf4bc70a660f0df51e42baf91d4de5b2328de0e83dfc",
            "14": "af5570f5a1810b7af78caf4bc70a660f0df51e42baf91d4de5b2328de0e83dfc",
            "16": "af5570f5a1810b7af78caf4bc70a660f0df51e42baf91d4de5b2328de0e83dfc"
        }
    },
    "uy_source_flag": {
        "dtype": "uint64",
        "attrs": {
            "data_type": "b'long'",
            "domain_type": "b'real'"
        },
        "shape": [
            1,
            1,
            1
        ],
        "checksums": {
            "6": "af5570f5a1810b7af78caf4bc70a660f0df51e42baf91d4de5b2328de0e83dfc",
            "8": "af5570f5a1810b7af78caf4bc70a660f0df51e42baf91d4de5b2328de0e83dfc",
            "10": "af5570f5a1810b7af78caf4bc70a660f0df51e42baf91d4de5b2328de0e83dfc",
            "12": "af5570f5a1810b7af78caf4bc70a660f0df51e42baf91d4de5b2328de0e83dfc",
            "14": "af5570f5a1810b7af78caf4bc70a660f0df51e42baf91d4de5b2328de0e83dfc",
            "16": "af5570f5a1810b7af78caf4bc70a660f0df51e42baf91d4de5b2328de0e83dfc"
        }
    },
    "uz_source_flag": {
        "dtype": "uint64",
        "attrs": {
            "data_type": "b'long'",
            "domain_type": "b'real'"
        },
        "shape": [
            1,
            1,
            1
        ],
        "checksums": {
            "6": "af5570f5a1810b7af78caf4bc70a660f0df51e42baf91d4de5b2328de0e83dfc",
            "8": "af5570f5a1810b7af78caf4bc70a660f0df51e42baf91d4de5b2328de0e83dfc",
            "10": "af5570f5a1810b7af78caf4bc70a660f0df51e42baf91d4de5b2328de0e83dfc",
            "12": "af5570f5a1810b7af78caf4bc70a660f0df51e42baf91d4de5b2328de0e83dfc",
            "14": "af5570f5a1810b7af78caf4bc70a660f0df51e42baf91d4de5b2328de0e83dfc",
            "16": "af5570f5a1810b7af78caf4bc70a660f0df51e42baf91d4de5b2328de0e83dfc"
        }
    },
    "root": {
        "attrs": {
            "created_by": "b'k-Wave 1.3'",
            "creation_date": "b'22-Apr-2021-11-11-48'",
            "file_description": "b'Input data created by faridyagubbayli running MATLAB 9.7 (R2019b) on MACI64'",
            "file_type": "b'input'",
            "major_version": "b'1'",
            "minor_version": "b'2'"
        }
    }
}